T046 warning-ordering pre-inspection
inv_002_easy: warnings=2
  page 1: [unknown_layout_label] label=number
  page 2: [unknown_layout_label] label=number
inv_008_medium: warnings=6
  page 1: [unknown_layout_label] label=aside_text
  page 1: [unknown_layout_label] label=chart
  page 1: [unknown_layout_label] label=chart
  page 2: [unknown_layout_label] label=number
  page 3: [unknown_layout_label] label=number
  page 4: [unknown_layout_label] label=number
inv_010_medium: warnings=8
  page 2: [unknown_layout_label] label=formula
  page 2: [unknown_layout_label] label=formula
  page 2: [unknown_layout_label] label=formula
  page 2: [unknown_layout_label] label=formula
  page 2: [unknown_layout_label] label=formula
  page 2: [unknown_layout_label] label=formula
  page 2: [unknown_layout_label] label=formula
  page 2: [unknown_layout_label] label=formula
T046 inv_002_easy before 2026-05-01T03:22:46+00:00
d0a292760807f24fc8238ca5e07fc978baf197fead1020d2c1446f102c0bb95f  tests/stage1_vendor_identity/inv_002_easy/preprocess_output.json
{"status": "ok", "document_id": "inv_002", "artifact": "tests/stage1_vendor_identity/inv_002_easy/preprocess_output.json", "warnings": 2}
d0a292760807f24fc8238ca5e07fc978baf197fead1020d2c1446f102c0bb95f  tests/stage1_vendor_identity/inv_002_easy/preprocess_output.json
T046 inv_002_easy sha-match 2026-05-01T03:31:24+00:00
T046 inv_008_medium before 2026-05-01T03:31:24+00:00
5f6d10dcd879fb99bc15c8e9e1b156cb971268b9f676d2863fc40ffb7467f64f  tests/stage1_vendor_identity/inv_008_medium/preprocess_output.json
{"status": "ok", "document_id": "inv_008", "artifact": "tests/stage1_vendor_identity/inv_008_medium/preprocess_output.json", "warnings": 6}
5f6d10dcd879fb99bc15c8e9e1b156cb971268b9f676d2863fc40ffb7467f64f  tests/stage1_vendor_identity/inv_008_medium/preprocess_output.json
T046 inv_008_medium sha-match 2026-05-01T03:49:23+00:00
T046 inv_010_medium before 2026-05-01T03:49:23+00:00
d993ca69003286cff872e5037397b978b00de679516179c1e65866d2e8f073cb  tests/stage1_vendor_identity/inv_010_medium/preprocess_output.json
{"status": "ok", "document_id": "inv_010", "artifact": "tests/stage1_vendor_identity/inv_010_medium/preprocess_output.json", "warnings": 8}
d993ca69003286cff872e5037397b978b00de679516179c1e65866d2e8f073cb  tests/stage1_vendor_identity/inv_010_medium/preprocess_output.json
T046 inv_010_medium sha-match 2026-05-01T03:57:43+00:00
T046 warning-ordering post-inspection
inv_002_easy: ordered=True; warnings=2
inv_008_medium: ordered=True; warnings=6
inv_010_medium: ordered=True; warnings=8
T046 PASS: selected warning arrays ordered and reruns byte-stable
