/usr/local/lib/python3.12/site-packages/paddle/utils/cpp_extension/extension_utils.py:712: UserWarning: No ccache found. Please be aware that recompiling all source files may be required. You can download and install ccache from: https://github.com/ccache/ccache/blob/master/doc/INSTALL.md
  warnings.warn(warning_message)
[32mCreating model: ('PP-DocBlockLayout', None, None)[0m
[32mModel files already exist. Using cached files. To redownload, please delete the directory manually: `/home/vscode/.paddlex/official_models/PP-DocBlockLayout`.[0m
[32mCreating model: ('PP-DocLayout_plus-L', None, None)[0m
[32mModel files already exist. Using cached files. To redownload, please delete the directory manually: `/home/vscode/.paddlex/official_models/PP-DocLayout_plus-L`.[0m
[32mCreating model: ('PP-OCRv5_server_det', None, None)[0m
[32mModel files already exist. Using cached files. To redownload, please delete the directory manually: `/home/vscode/.paddlex/official_models/PP-OCRv5_server_det`.[0m
[32mCreating model: ('PP-OCRv5_server_rec', None, None)[0m
[32mModel files already exist. Using cached files. To redownload, please delete the directory manually: `/home/vscode/.paddlex/official_models/PP-OCRv5_server_rec`.[0m
[32mCreating model: ('PP-LCNet_x1_0_table_cls', None, None)[0m
[32mModel files already exist. Using cached files. To redownload, please delete the directory manually: `/home/vscode/.paddlex/official_models/PP-LCNet_x1_0_table_cls`.[0m
[32mCreating model: ('SLANeXt_wired', None, None)[0m
[32mModel files already exist. Using cached files. To redownload, please delete the directory manually: `/home/vscode/.paddlex/official_models/SLANeXt_wired`.[0m
[32mCreating model: ('SLANet_plus', None, None)[0m
[32mModel files already exist. Using cached files. To redownload, please delete the directory manually: `/home/vscode/.paddlex/official_models/SLANet_plus`.[0m
[32mCreating model: ('RT-DETR-L_wired_table_cell_det', None, None)[0m
[32mModel files already exist. Using cached files. To redownload, please delete the directory manually: `/home/vscode/.paddlex/official_models/RT-DETR-L_wired_table_cell_det`.[0m
[32mCreating model: ('RT-DETR-L_wireless_table_cell_det', None, None)[0m
[32mModel files already exist. Using cached files. To redownload, please delete the directory manually: `/home/vscode/.paddlex/official_models/RT-DETR-L_wireless_table_cell_det`.[0m
[32mCreating model: ('PP-LCNet_x1_0_doc_ori', None, None)[0m
[32mModel files already exist. Using cached files. To redownload, please delete the directory manually: `/home/vscode/.paddlex/official_models/PP-LCNet_x1_0_doc_ori`.[0m
[32mCreating model: ('PP-LCNet_x1_0_textline_ori', None, None)[0m
[32mModel files already exist. Using cached files. To redownload, please delete the directory manually: `/home/vscode/.paddlex/official_models/PP-LCNet_x1_0_textline_ori`.[0m
[32mCreating model: ('PP-OCRv5_server_det', None, None)[0m
[32mModel files already exist. Using cached files. To redownload, please delete the directory manually: `/home/vscode/.paddlex/official_models/PP-OCRv5_server_det`.[0m
[32mCreating model: ('PP-OCRv5_server_rec', None, None)[0m
[32mModel files already exist. Using cached files. To redownload, please delete the directory manually: `/home/vscode/.paddlex/official_models/PP-OCRv5_server_rec`.[0m
{"status": "ok", "document_id": "inv_014", "artifact": "tests/stage1_vendor_identity/inv_014_hard/preprocess_output.json", "warnings": 0}
