T035 start tests/stage1_vendor_identity/inv_001_easy/
T035 done tests/stage1_vendor_identity/inv_001_easy/
T035 start tests/stage1_vendor_identity/inv_002_easy/
T035 done tests/stage1_vendor_identity/inv_002_easy/
T035 start tests/stage1_vendor_identity/inv_003_easy/
T035 done tests/stage1_vendor_identity/inv_003_easy/
T035 start tests/stage1_vendor_identity/inv_004_easy/
T035 done tests/stage1_vendor_identity/inv_004_easy/
T035 start tests/stage1_vendor_identity/inv_005_easy/
T035 done tests/stage1_vendor_identity/inv_005_easy/
T035 start tests/stage1_vendor_identity/inv_006_medium/
T035 done tests/stage1_vendor_identity/inv_006_medium/
T035 start tests/stage1_vendor_identity/inv_007_medium/
T035 done tests/stage1_vendor_identity/inv_007_medium/
T035 start tests/stage1_vendor_identity/inv_008_medium/
T035 done tests/stage1_vendor_identity/inv_008_medium/
T035 start tests/stage1_vendor_identity/inv_009_medium/
T035 done tests/stage1_vendor_identity/inv_009_medium/
T035 start tests/stage1_vendor_identity/inv_010_medium/
T035 done tests/stage1_vendor_identity/inv_010_medium/
T035 start tests/stage1_vendor_identity/inv_011_hard/
T035 done tests/stage1_vendor_identity/inv_011_hard/
T035 start tests/stage1_vendor_identity/inv_012_hard/
T035 done tests/stage1_vendor_identity/inv_012_hard/
T035 start tests/stage1_vendor_identity/inv_013_hard/
T035 done tests/stage1_vendor_identity/inv_013_hard/
T035 start tests/stage1_vendor_identity/inv_014_hard/
T035 done tests/stage1_vendor_identity/inv_014_hard/
T035 start tests/stage1_vendor_identity/inv_015_hard/
T035 done tests/stage1_vendor_identity/inv_015_hard/
T035 start tests/stage1_vendor_identity/inv_016_missing_name/
T035 done tests/stage1_vendor_identity/inv_016_missing_name/
T035 start tests/stage1_vendor_identity/inv_017_missing_name/
T035 done tests/stage1_vendor_identity/inv_017_missing_name/
T035 start tests/stage1_vendor_identity/inv_018_missing_name/
T035 done tests/stage1_vendor_identity/inv_018_missing_name/
T035 start tests/stage1_vendor_identity/inv_019_missing_name/
T035 done tests/stage1_vendor_identity/inv_019_missing_name/
T035 start tests/stage1_vendor_identity/inv_020_missing_name/
T035 done tests/stage1_vendor_identity/inv_020_missing_name/
T035 sweep complete
